  Γû▓ Next.js 14.2.35

   Creating an optimized production build ...
 ΓÜá Compiled with warnings

./app/api/roi/compare/route.ts
Attempted import error: 'extractToken' is not exported from '@/lib/auth' (imported as 'extractToken').

Import trace for requested module:
./app/api/roi/compare/route.ts

./app/api/roi/compare/route.ts
Attempted import error: 'verifyToken' is not exported from '@/lib/auth' (imported as 'verifyToken').

Import trace for requested module:
./app/api/roi/compare/route.ts

./app/api/roi/compare/route.ts
Attempted import error: 'compareUniversities' is not exported from '@/lib/roi' (imported as 'compareUniversities').

Import trace for requested module:
./app/api/roi/compare/route.ts

 Γ£ô Compiled successfully
   Linting and checking validity of types ...

Failed to compile.

./app/admits/page.tsx
17:8  Warning: React Hook useEffect has a missing dependency: 'fetchAdmits'. Either include it or remove the dependency array.  react-hooks/exhaustive-deps

./app/admits/upload/page.tsx
28:8  Warning: React Hook useEffect has a missing dependency: 'router'. Either include it or remove the dependency array.  react-hooks/exhaustive-deps

./app/applications/page.tsx
21:8  Warning: React Hook useEffect has a missing dependency: 'router'. Either include it or remove the dependency array.  react-hooks/exhaustive-deps

./app/dashboard/page.tsx
39:8  Warning: React Hook useEffect has a missing dependency: 'router'. Either include it or remove the dependency array.  react-hooks/exhaustive-deps

./app/disclaimer/page.tsx
76:127  Error: `'` can be escaped with `&apos;`, `&lsquo;`, `&#39;`, `&rsquo;`.  react/no-unescaped-entities

./app/privacy/page.tsx
87:99  Error: `'` can be escaped with `&apos;`, `&lsquo;`, `&#39;`, `&rsquo;`.  react/no-unescaped-entities

./app/profile/page.tsx
30:8  Warning: React Hook useEffect has missing dependencies: 'fetchProfile' and 'router'. Either include them or remove the dependency array.  react-hooks/exhaustive-deps

./app/terms/page.tsx
65:58  Error: `"` can be escaped with `&quot;`, `&ldquo;`, `&#34;`, `&rdquo;`.  react/no-unescaped-entities
65:64  Error: `"` can be escaped with `&quot;`, `&ldquo;`, `&#34;`, `&rdquo;`.  react/no-unescaped-entities

./app/universities/page.tsx
19:8  Warning: React Hook useEffect has a missing dependency: 'fetchUniversities'. Either include it or remove the dependency array.  react-hooks/exhaustive-deps

./app/universities/[id]/page.tsx
20:8  Warning: React Hook useEffect has a missing dependency: 'fetchUniversity'. Either include it or remove the dependency array.  react-hooks/exhaustive-deps

info  - Need to disable some ESLint rules? Learn more here: https://nextjs.org/docs/basic-features/eslint#disabling-rules
